// Jest Snapshot v1, https://goo.gl/fbAQLP

exports[`<AppHeader /> <AppHeader /> matches snapshot 1`] = `
preact-render-spy (1 nodes)
-------
<header class="AppHeader">
  <div>
    <img
      src="test-file-stub"
      alt="The Brew It Yourself logo: hand drawn hops"
     />
    <h1>Brew It Yourself</h1>
    <nav>
      <a
        onClick={[Function m]}
        href="/"
        class="AppHeader_Link AppHeader_Link__active"
      >
        <span>Recipes</span>
      </a>
    </nav>
  </div>
</header>

`;
