// Jest Snapshot v1, https://goo.gl/fbAQLP

exports[`<Page /> <Page /> matches snapshot 1`] = `
preact-render-spy (1 nodes)
-------
<main class="Page"></main>

`;
